
> xl<-c(1,3,5,6,6,7,9)
> xlave - mean(x1)
Error: object 'xlave' not found
> mean(x1)
Error in mean(x1) : object 'x1' not found
> mean(xl)
[1] 5.285714
> x1<-c(1,3,5,6,6,7,9)
> mean(x1)
[1] 5.285714
> xlave = mean(x1)
> median(x1)
[1] 6
> x1med = median(x1)
> sd(x1)
[1] 2.627691
> x1sd = sd(x1)
> x1new = c(x1,1,2,4,8,8)
> length(x1)
[1] 7
> x1len = length(x1)
